--- IR EXTENSIONS ---
mal_ast_ir_symbol_binding.ar
mal_ast_to_ir.ar
mal_dir_validator.ar
mal_ir_codegen_gate.ar
mal_ir_symbol_table.ar
--- IR CONTRACTS ---
MAL_AST_IR_NORMALIZATION_CONTRACT_v0.1_AR.md
MAL_AST_IR_SYMBOL_BINDING_CONTRACT_v0.1_AR.md
MAL_DIR_SPEC_v0.1_AR.md
MAL_DIR_SPEC_v0.2_ARENA_CONTRACT_AR.md
MAL_DIR_VALIDATOR_BASELINE_2026_08_25_AR.md
--- IR CORPORA ---
MAL_AST_IR_SYMBOL_BINDING_CORPUS_v0.1_AR.json
MAL_AST_TO_IR_CORPUS_v0.1_AR.json
MAL_IR_CODEGEN_GATE_CORPUS_v0.1_AR.json
MAL_IR_SYMBOL_TABLE_CORPUS_v0.1_AR.json
analyze_mal_dir_nodes.py
run_mal_dir_corpus.py
run_mal_dir_validator.py
--- BRANCH ---
integration/mal-deterministic-audit-2026-08-25
--- BASELINE STATUS ---
 [31mM[m tests/MAL_UNIFIED_GOVERNED_CORPUS_AR.json
[31m??[m audit/
[31m??[m audit_measure_ratio.py
[31m??[m evidence/MAL_777_AST_IR_CODEGEN_VERIFY.stdout
[31m??[m evidence/MAL_777_IR_LEDGER_BASE.stdout
[31m??[m evidence/MAL_777_PHASES_INVENTORY.stdout
[31m??[m evidence/MAL_777_RATIO_GUARD.stdout
[31m??[m evidence/MAL_777_RUNTIME_DISCOVERY.stdout
[31m??[m evidence/MAL_ARENA_NODEID_CONTRACT_VERIFY.stdout
[31m??[m evidence/MAL_AST_CANONICAL_VERIFY.stdout
[31m??[m evidence/MAL_AST_IR_NORMALIZATION_VERIFY.stdout
[31m??[m evidence/MAL_AST_IR_SYMBOL_BINDING_VERIFY.stdout
[31m??[m evidence/MAL_AST_OWNERSHIP_COMPILE_VERIFY.stdout
[31m??[m evidence/MAL_AST_TO_IR_REPRO_A.stdout
[31m??[m evidence/MAL_AST_TO_IR_REPRO_B.stdout
[31m??[m evidence/MAL_AST_TO_IR_REPRO_FINAL.stdout
[31m??[m evidence/MAL_AST_TO_IR_VERIFY.stdout
[31m??[m evidence/MAL_CODEGEN_ABI_SYMBOLS_AUDIT.stdout
[31m??[m evidence/MAL_CODEGEN_ABI_VERIFY.stdout
[31m??[m evidence/MAL_EVAL_EXEC_AUDIT.stdout
[31m??[m evidence/MAL_IR_SYMBOL_TABLE_VERIFY.stdout
[31m??[m evidence/MAL_MEMORY_LIMITS_VERIFY.stdout
[31m??[m evidence/MAL_NEXT77_AST_IR_BASE.stdout
[31m??[m evidence/MAL_NEXT77_EVIDENCE_INDEX.stdout
[31m??[m evidence/MAL_NEXT77_IR_DESIGN_INPUT.stdout
[31m??[m evidence/MAL_NEXT77_MEMORY_REVIEW.stdout
[31m??[m evidence/MAL_NEXT77_REPRO_RUN1.json
[31m??[m evidence/MAL_NEXT77_REPRO_RUN2.json
[31m??[m evidence/MAL_NODEID_VERIFY.stdout
[31m??[m evidence/MAL_PARSER_BOUNDS_VERIFY.stdout
[31m??[m evidence/MAL_PARSER_CALL_GRAMMAR_VERIFY.stdout
[31m??[m evidence/MAL_PARSER_DIFF_GATE_29_35.stdout
[31m??[m evidence/MAL_PARSER_FOLLOWUP_CONTRACT_VERIFY.stdout
[31m??[m evidence/MAL_PARSER_GOVERNED_CORPUS_v0.2_VERIFY.stdout
[31m??[m evidence/MAL_PARSER_PRIMARY_DIFFERENTIAL.json
[31m??[m evidence/MAL_PARSER_PRIMARY_DIFFERENTIAL_FINAL.json
[31m??[m evidence/MAL_PARSER_PRIMARY_DIFFERENTIAL_RUN1.json
[31m??[m evidence/MAL_PARSER_PRIMARY_DIFFERENTIAL_RUN2.json
[31m??[m evidence/MAL_PARSER_PRIMARY_IMPLEMENTATION_STATUS_AR.md
[31m??[m evidence/MAL_PARSER_PRIMARY_REPEAT_A.json
[31m??[m evidence/MAL_PARSER_PRIMARY_REPEAT_B.json
[31m??[m evidence/MAL_PARSER_PRIMARY_VERIFICATION.stdout
[31m??[m evidence/MAL_PARSER_REAL_GRAMMAR_VERIFY.stdout
[31m??[m evidence/MAL_PARSER_STRING_GRAMMAR_VERIFY.stdout
[31m??[m evidence/MAL_PARSER_UNITS_9_13_VERIFY.stdout
[31m??[m evidence/MAL_RAW_POINTER_AUDIT.stdout
[31m??[m evidence/MAL_RUNTIME_DISCOVERY.stdout
[31m??[m evidence/MAL_SLOC_RATIO_RUN1.json
[31m??[m evidence/MAL_SLOC_RATIO_RUN2.json
[31m??[m evidence/MAL_TOKEN_CANONICAL_VERIFY.stdout
[31m??[m extensions/mal_ast_ir_symbol_binding.ar
[31m??[m extensions/mal_ast_to_ir.ar
[31m??[m extensions/mal_ir_codegen_gate.ar
[31m??[m extensions/mal_ir_symbol_table.ar
[31m??[m extensions/mal_nodeid.ar
[31m??[m extensions/mal_parser_call.ar
[31m??[m extensions/mal_parser_parentheses.ar
[31m??[m extensions/mal_parser_primary.ar
[31m??[m extensions/mal_parser_real.ar
[31m??[m extensions/mal_parser_string.ar
[31m??[m protocol/EVIDENCE_206_210_AR.md
[31m??[m protocol/MAL_ARENA_NODEID_CONTRACT_v0.1_AR.md
[31m??[m protocol/MAL_AST_CANONICAL_CONTRACT_v0.1_AR.md
[31m??[m protocol/MAL_AST_IR_NORMALIZATION_CONTRACT_v0.1_AR.md
[31m??[m protocol/MAL_AST_IR_SYMBOL_BINDING_CONTRACT_v0.1_AR.md
[31m??[m protocol/MAL_AST_OWNERSHIP_COMPILE_CONTRACT_v0.1_AR.md
[31m??[m protocol/MAL_ATTACHED_MECHANISMS_206_210_REGISTRY_AR.json
[31m??[m protocol/MAL_CODEGEN_ABI_CONTRACT_v0.1_AR.md
[31m??[m protocol/MAL_CODEGEN_SYMBOLS_CONTRACT_v0.1_AR.md
[31m??[m protocol/MAL_CORRECTED_CONSTITUTIONAL_REVIEW_206_210_AR.md
[31m??[m protocol/MAL_MEMORY_LIMITS_AUDIT_CONTRACT_v0.1_AR.md
[31m??[m protocol/MAL_PARSER_BOUNDS_AND_ERRORS_CONTRACT_v0.1_AR.md
[31m??[m protocol/MAL_PARSER_FOLLOWUP_CONTRACT_v0.1_AR.md
[31m??[m protocol/MAL_PARSER_PRIMARY_CONTRACT_v0.1_AR.md
[31m??[m protocol/MAL_TOKEN_CANONICAL_CONTRACT_v0.1_AR.md
[31m??[m tests/MAL_AST_IR_SYMBOL_BINDING_CORPUS_v0.1_AR.json
[31m??[m tests/MAL_AST_TO_IR_CORPUS_v0.1_AR.json
[31m??[m tests/MAL_ATTACHED_MECHANISMS_206_210_CORPUS_AR.json
[31m??[m tests/MAL_IR_CODEGEN_GATE_CORPUS_v0.1_AR.json
[31m??[m tests/MAL_IR_SYMBOL_TABLE_CORPUS_v0.1_AR.json
