--- BRANCH ---
integration/mal-deterministic-audit-2026-08-25
--- AST IR CONTRACT ---
5bfa9aebcc2d4822713da911af664b8847474a633e4e3686c98607ae3f3d8ebd  protocol/MAL_AST_IR_NORMALIZATION_CONTRACT_v0.1_AR.md
# عقد التحويل والتطبيع بين AST وIR — الإصدار 0.1

يُحوَّل AST إلى تمثيل وسيط `IR` عبر مسار أحادي الاتجاه ومحدد الترتيب. لا يُنشأ أي عقد جديد خارج Arena، ولا تُستخدم معرفات مشتقة من العنوان أو الزمن أو ترتيب hash غير مقرر.

## قواعد التطبيع

يُطبع كل رمز إلى ترميز UTF-8 canonical، وتُطبع الأعداد الحقيقية إلى تمثيل عشري منتهٍ مثبت دون تقريب ضمني. تُرتب المعاملات حسب ترتيب ظهورها في المصدر، وتُحفظ العقد بحسب `node_id` المتزايد. لا يسمح العقد بإعادة ترتيب دلالي إلا إذا كان التحويل مسجلاً صراحة في مخطط الإصدار.

## التحويل المسموح

يقبل التحويل عقد AST معروف النوع، مكتمل الحقول، سليم الفهارس، ومطابقًا لبصمة الإعدادات. عند نجاح التحويل تُنتج كل تعليمة IR رقمًا تسلسليًا ثابتًا، ويُشتق `ir_hash` من التمثيل canonical فقط.

## الامتناع

تكون النتيجة `ABSTAIN` عند النوع المجهول، أو المجال غير المطابق، أو الحقل المفقود، أو عدم تطابق `config_hash`، أو ظهور تحويل ضمني، أو محاولة ترتيب غير مقرر، أو تجاوز Arena أو الوقود. لا يُنتج IR جزئي على أنه مكتمل.

| الحارس | القرار |
|---|---|
| AST غير canonical | `ABSTAIN / AST_NOT_CANONICAL` |
| تحويل ضمني | `ABSTAIN / IMPLICIT_CONVERSION` |
| نوع غير معروف | `ABSTAIN / UNKNOWN_AST_KIND` |
| بصمة إعدادات مختلفة | `ABSTAIN / CONFIG_HASH_MISMATCH` |
| اكتمال ناجح | `PASS / IR_CANONICAL_READY` |

التصنيف الدستوري لهذا العقد `POLICY` من جهة الترتيب والامتناع، و`RESEARCH` من جهة التنفيذ، لأن مشغل MAL الموثوق غير متاح. حالة التشغيل الحالية `SOURCE_REF_EXECUTED=NO`.
--- MAL IR FILES ---
mal_dir_validator.ar
mal_ir_symbol_table.ar
--- STATUS ---
 [31mM[m tests/MAL_UNIFIED_GOVERNED_CORPUS_AR.json
[31m??[m audit/
[31m??[m audit_measure_ratio.py
[31m??[m evidence/MAL_ARENA_NODEID_CONTRACT_VERIFY.stdout
[31m??[m evidence/MAL_AST_CANONICAL_VERIFY.stdout
[31m??[m evidence/MAL_AST_IR_NORMALIZATION_VERIFY.stdout
[31m??[m evidence/MAL_AST_OWNERSHIP_COMPILE_VERIFY.stdout
[31m??[m evidence/MAL_CODEGEN_ABI_SYMBOLS_AUDIT.stdout
[31m??[m evidence/MAL_CODEGEN_ABI_VERIFY.stdout
[31m??[m evidence/MAL_EVAL_EXEC_AUDIT.stdout
[31m??[m evidence/MAL_IR_SYMBOL_TABLE_VERIFY.stdout
[31m??[m evidence/MAL_MEMORY_LIMITS_VERIFY.stdout
[31m??[m evidence/MAL_NEXT77_AST_IR_BASE.stdout
[31m??[m evidence/MAL_NEXT77_EVIDENCE_INDEX.stdout
[31m??[m evidence/MAL_NEXT77_IR_DESIGN_INPUT.stdout
[31m??[m evidence/MAL_NEXT77_MEMORY_REVIEW.stdout
[31m??[m evidence/MAL_NEXT77_REPRO_RUN1.json
[31m??[m evidence/MAL_NEXT77_REPRO_RUN2.json
[31m??[m evidence/MAL_NODEID_VERIFY.stdout
[31m??[m evidence/MAL_PARSER_BOUNDS_VERIFY.stdout
[31m??[m evidence/MAL_PARSER_CALL_GRAMMAR_VERIFY.stdout
[31m??[m evidence/MAL_PARSER_DIFF_GATE_29_35.stdout
[31m??[m evidence/MAL_PARSER_FOLLOWUP_CONTRACT_VERIFY.stdout
[31m??[m evidence/MAL_PARSER_GOVERNED_CORPUS_v0.2_VERIFY.stdout
[31m??[m evidence/MAL_PARSER_PRIMARY_DIFFERENTIAL.json
[31m??[m evidence/MAL_PARSER_PRIMARY_DIFFERENTIAL_FINAL.json
[31m??[m evidence/MAL_PARSER_PRIMARY_DIFFERENTIAL_RUN1.json
[31m??[m evidence/MAL_PARSER_PRIMARY_DIFFERENTIAL_RUN2.json
[31m??[m evidence/MAL_PARSER_PRIMARY_IMPLEMENTATION_STATUS_AR.md
[31m??[m evidence/MAL_PARSER_PRIMARY_REPEAT_A.json
[31m??[m evidence/MAL_PARSER_PRIMARY_REPEAT_B.json
[31m??[m evidence/MAL_PARSER_PRIMARY_VERIFICATION.stdout
[31m??[m evidence/MAL_PARSER_REAL_GRAMMAR_VERIFY.stdout
[31m??[m evidence/MAL_PARSER_STRING_GRAMMAR_VERIFY.stdout
[31m??[m evidence/MAL_PARSER_UNITS_9_13_VERIFY.stdout
[31m??[m evidence/MAL_RAW_POINTER_AUDIT.stdout
[31m??[m evidence/MAL_RUNTIME_DISCOVERY.stdout
[31m??[m evidence/MAL_SLOC_RATIO_RUN1.json
[31m??[m evidence/MAL_SLOC_RATIO_RUN2.json
[31m??[m evidence/MAL_TOKEN_CANONICAL_VERIFY.stdout
[31m??[m extensions/mal_ir_symbol_table.ar
[31m??[m extensions/mal_nodeid.ar
[31m??[m extensions/mal_parser_call.ar
[31m??[m extensions/mal_parser_parentheses.ar
[31m??[m extensions/mal_parser_primary.ar
[31m??[m extensions/mal_parser_real.ar
[31m??[m extensions/mal_parser_string.ar
[31m??[m protocol/EVIDENCE_206_210_AR.md
[31m??[m protocol/MAL_ARENA_NODEID_CONTRACT_v0.1_AR.md
[31m??[m protocol/MAL_AST_CANONICAL_CONTRACT_v0.1_AR.md
[31m??[m protocol/MAL_AST_IR_NORMALIZATION_CONTRACT_v0.1_AR.md
[31m??[m protocol/MAL_AST_OWNERSHIP_COMPILE_CONTRACT_v0.1_AR.md
[31m??[m protocol/MAL_ATTACHED_MECHANISMS_206_210_REGISTRY_AR.json
[31m??[m protocol/MAL_CODEGEN_ABI_CONTRACT_v0.1_AR.md
[31m??[m protocol/MAL_CODEGEN_SYMBOLS_CONTRACT_v0.1_AR.md
[31m??[m protocol/MAL_CORRECTED_CONSTITUTIONAL_REVIEW_206_210_AR.md
[31m??[m protocol/MAL_MEMORY_LIMITS_AUDIT_CONTRACT_v0.1_AR.md
[31m??[m protocol/MAL_PARSER_BOUNDS_AND_ERRORS_CONTRACT_v0.1_AR.md
[31m??[m protocol/MAL_PARSER_FOLLOWUP_CONTRACT_v0.1_AR.md
[31m??[m protocol/MAL_PARSER_PRIMARY_CONTRACT_v0.1_AR.md
