    Finished test [unoptimized + debuginfo] target(s) in 0.02s
     Running unittests src/lib.rs (target/debug/deps/mal_ownership_arena-47cad0aadc5d841e)

running 5 tests
test tests::borrow_rules_are_fail_closed ... ok
test tests::capacity_and_type_contracts_are_rejected ... ok
test tests::scope_and_type_and_arena_mismatch_are_rejected ... ok
test tests::deterministic_first_free_slot_and_reuse_generation ... ok
test tests::stale_handle_is_rejected_after_release ... ok

test result: ok. 5 passed; 0 failed; 0 ignored; 0 measured; 0 filtered out; finished in 0.00s

   Doc-tests mal_ownership_arena

running 0 tests

test result: ok. 0 passed; 0 failed; 0 ignored; 0 measured; 0 filtered out; finished in 0.00s

MAL_OWNERSHIP_ARENA_RUST=PASS
TESTS=5
RAW_POINTERS=FORBIDDEN
UNSAFE_CODE=FORBIDDEN
GENERATION_CHECK=PASS
BORROW_RULES=PASS
SCOPE_ISOLATION=PASS
CAPACITY_RULE=PASS
EXECUTION=NOT_PERFORMED
NETWORK=DISABLED_BY_CONTRACT
STATUS=0
