--- SYMBOL CONTRACT ---
# عقد أسماء رموز المولد الحتمي v0.1

## الغرض

يحدد هذا العقد قواعد إنشاء أسماء الرموز الخارجة من IR قبل توليد الأسمبلي، بحيث يكون الاسم ناتجًا عن معرّفات فهرسية ثابتة لا عن عنوان ذاكرة أو ترتيب بيئي.

## النموذج الحاكم

يُعرّف كل رمز بالسجل `(kind, node_id, ordinal)`، حيث تكون `kind` من مجموعة ثابتة، و`node_id` فهرسًا صحيحًا داخل Arena، و`ordinal` عدادًا محدودًا يبدأ من واحد ويزداد بترتيب الإدراج canonical. لا يُسمح بالمؤشرات الخام أو بالطوابع الزمنية أو بالعشوائية أو بالتوازي غير المحدد.

## قواعد التطبيع

يجب أن يكون ترتيب الرموز تصاعديًا بحسب `kind` ثم `node_id` ثم `ordinal`. ويجب أن يحول الاسم إلى تمثيل ASCII ثابت من النمط `mal_<kind>_<node_id>_<ordinal>`. تُرفض المحارف غير المسموح بها، والأسماء الفارغة، والتصادمات، والعدادات الخارجة عن السعة.

## حالات الامتناع

يعاد `ABSTAIN / INVALID_NODE_ID` عند فهرس غير صحيح، و`ABSTAIN / SYMBOL_COLLISION` عند تصادم اسمين، و`ABSTAIN / NON_CANONICAL_ORDER` عند اختلاف الترتيب، و`ABSTAIN / CAPACITY_EXCEEDED` عند نفاد السعة. لا يجوز متابعة التوليد بعد أي حالة امتناع.

## شروط الاعتماد

التصنيف الحالي `POLICY`؛ ولا يرفع إلى `EXTENSION_SCOPED_PROVEN` إلا بعد حفظ stdout خام، وcorpus موجب وسالب، وSHA-256، وإعادة بناء متطابقة، وتنفيذ مشغل MAL موثوق داخل النطاق نفسه.

## الحالة

```text
CONTRACT=PASS_WITH_GUARDS
RAW_POINTERS=DENY
NON_DETERMINISTIC_ORDER=DENY
SOURCE_EXECUTION=NOT_PERFORMED
BASELINE_MODIFIED=NO
AUTO_PROMOTION=DENY
```
--- AST IR CONTRACT ---
# عقد التحويل والتطبيع بين AST وIR — الإصدار 0.1

يُحوَّل AST إلى تمثيل وسيط `IR` عبر مسار أحادي الاتجاه ومحدد الترتيب. لا يُنشأ أي عقد جديد خارج Arena، ولا تُستخدم معرفات مشتقة من العنوان أو الزمن أو ترتيب hash غير مقرر.

## قواعد التطبيع

يُطبع كل رمز إلى ترميز UTF-8 canonical، وتُطبع الأعداد الحقيقية إلى تمثيل عشري منتهٍ مثبت دون تقريب ضمني. تُرتب المعاملات حسب ترتيب ظهورها في المصدر، وتُحفظ العقد بحسب `node_id` المتزايد. لا يسمح العقد بإعادة ترتيب دلالي إلا إذا كان التحويل مسجلاً صراحة في مخطط الإصدار.

## التحويل المسموح

يقبل التحويل عقد AST معروف النوع، مكتمل الحقول، سليم الفهارس، ومطابقًا لبصمة الإعدادات. عند نجاح التحويل تُنتج كل تعليمة IR رقمًا تسلسليًا ثابتًا، ويُشتق `ir_hash` من التمثيل canonical فقط.

## الامتناع

تكون النتيجة `ABSTAIN` عند النوع المجهول، أو المجال غير المطابق، أو الحقل المفقود، أو عدم تطابق `config_hash`، أو ظهور تحويل ضمني، أو محاولة ترتيب غير مقرر، أو تجاوز Arena أو الوقود. لا يُنتج IR جزئي على أنه مكتمل.

| الحارس | القرار |
|---|---|
| AST غير canonical | `ABSTAIN / AST_NOT_CANONICAL` |
| تحويل ضمني | `ABSTAIN / IMPLICIT_CONVERSION` |
| نوع غير معروف | `ABSTAIN / UNKNOWN_AST_KIND` |
| بصمة إعدادات مختلفة | `ABSTAIN / CONFIG_HASH_MISMATCH` |
| اكتمال ناجح | `PASS / IR_CANONICAL_READY` |

التصنيف الدستوري لهذا العقد `POLICY` من جهة الترتيب والامتناع، و`RESEARCH` من جهة التنفيذ، لأن مشغل MAL الموثوق غير متاح. حالة التشغيل الحالية `SOURCE_REF_EXECUTED=NO`.
--- NODEID SOURCE ---
إصدار_العقد ≔ "0.1.0"
اسم_الوحدة ≔ "MAL-NODEID"

معرف_فارغ ≔ 0
أول_معرف ≔ 1

تحقق_السعة ≡ λالسعة. السعة > 0
تحقق_المعرف_للقراءة ≡ λالمعرف. λالتالي. المعرف ≥ أول_معرف ∧ المعرف < التالي
تحقق_المعرف_للإدراج ≡ λالمعرف. λالسعة. المعرف ≥ أول_معرف ∧ المعرف ≤ السعة

إدراج_العقدة ≡ λالمعرف. λالسعة.
  (تحقق_السعة(السعة) ∧ تحقق_المعرف_للإدراج(المعرف)(السعة)) ?
    ⟨"PASS", المعرف, "NODEID_ACCEPTED"⟩ :
    ⟨"ABSTAIN", معرف_فارغ, "ARENA_EXHAUSTED_OR_INVALID_CAPACITY"⟩

قراءة_العقدة ≡ λالمعرف. λالتالي.
  (تحقق_المعرف_للقراءة(المعرف)(التالي)) ?
    ⟨"PASS", المعرف, "NODEID_READ_ACCEPTED"⟩ :
    ⟨"ABSTAIN", معرف_فارغ, "NODEID_OUT_OF_RANGE"⟩

نتيجة_إدراج_صحيح ≔ إدراج_العقدة(1)(4)
نتيجة_إدراج_آخر_موضع ≔ إدراج_العقدة(4)(4)
نتيجة_إدراج_منتهية ≔ إدراج_العقدة(5)(4)
نتيجة_قراءة_صفر ≔ قراءة_العقدة(0)(4)
نتيجة_قراءة_خارجية ≔ قراءة_العقدة(4)(4)

⎕ اسم_الوحدة
⎕ نتيجة_إدراج_صحيح[0]
⎕ نتيجة_إدراج_آخر_موضع[0]
⎕ نتيجة_إدراج_منتهية[0]
⎕ نتيجة_قراءة_صفر[0]
⎕ نتيجة_قراءة_خارجية[0]
--- PARSER CALL SOURCE ---
إصدار_العقد ≔ "0.1.0"
اسم_الوحدة ≔ "MAL-PARSER-CALL"

رمز_معرف ≔ "معرف"
رمز_فتح_قوس ≔ "("
رمز_إغلاق_قوس ≔ ")"
رمز_فاصلة ≔ ","
نوع_استدعاء ≔ 6
حد_المعاملات ≔ 2

تحقق_المعرف ≡ λالمعرف. المعرف > 0
تحقق_العقدة ≡ λالمعرف. المعرف > 0
تحقق_إغلاق_قوس ≡ λالرمز. الرمز[0] = رمز_إغلاق_قوس

عقدة_استدعاء_بلا_معاملات ≡ λالهدف. ⟨نوع_استدعاء, الهدف, 0, 0, 0⟩
عقدة_استدعاء_بمعامل ≡ λالهدف. λالمعامل. ⟨نوع_استدعاء, الهدف, المعامل, 0, 1⟩
عقدة_استدعاء_بمعاملين ≡ λالهدف. λالمعامل_الأول. λالمعامل_الثاني. ⟨نوع_استدعاء, الهدف, المعامل_الأول, المعامل_الثاني, 2⟩

حلل_استدعاء_آمن ≡ λالرموز.
  (الرموز[0][0] = رمز_معرف ∧ تحقق_المعرف(الرموز[0][1]) ∧
   الرموز[1][0] = رمز_فتح_قوس) ?
    (تحقق_إغلاق_قوس(الرموز[2]) ?
      ⟨"PASS", عقدة_استدعاء_بلا_معاملات(الرموز[0][1]), 3, "NONE"⟩ :
     (الرموز[2][0] ≠ رمز_فاصلة ∧ تحقق_العقدة(الرموز[2][1]) ∧
      تحقق_إغلاق_قوس(الرموز[3]) ?
        ⟨"PASS", عقدة_استدعاء_بمعامل(الرموز[0][1])(الرموز[2][1]), 4, "NONE"⟩ :
     (تحقق_العقدة(الرموز[2][1]) ∧ الرموز[3][0] = رمز_فاصلة ∧
      تحقق_العقدة(الرموز[4][1]) ∧ تحقق_إغلاق_قوس(الرموز[5]) ?
        ⟨"PASS", عقدة_استدعاء_بمعاملين(الرموز[0][1])(الرموز[2][1])(الرموز[4][1]), 6, "NONE"⟩ :
        ⟨"ABSTAIN", 0, 0, "ARGUMENT_PARSE_ABSTAIN"⟩)) :
    ⟨"ABSTAIN", 0, 0, "INVALID_CALL_TARGET"⟩

نتيجة_بلا_معاملات ≔ حلل_استدعاء_آمن(⟨⟨رمز_معرف, 1⟩, ⟨رمز_فتح_قوس, 0⟩, ⟨رمز_إغلاق_قوس, 0⟩⟩)
نتيجة_بمعامل ≔ حلل_استدعاء_آمن(⟨⟨رمز_معرف, 1⟩, ⟨رمز_فتح_قوس, 0⟩, ⟨"قيمة", 2⟩, ⟨رمز_إغلاق_قوس, 0⟩⟩)
نتيجة_بلا_إغلاق ≔ حلل_استدعاء_آمن(⟨⟨رمز_معرف, 1⟩, ⟨رمز_فتح_قوس, 0⟩, ⟨"قيمة", 2⟩, ⟨رمز_فاصلة, 0⟩⟩)
نتيجة_هدف_غير_صالح ≔ حلل_استدعاء_آمن(⟨⟨رمز_معرف, 0⟩, ⟨رمز_فتح_قوس, 0⟩, ⟨رمز_إغلاق_قوس, 0⟩⟩)

⎕ اسم_الوحدة
⎕ نتيجة_بلا_معاملات[0]
⎕ نتيجة_بمعامل[0]
⎕ نتيجة_بلا_إغلاق[0]
⎕ نتيجة_هدف_غير_صالح[0]
