======================================================================
  تقرير نسب اللغة — UORI Language Ratio Report
======================================================================
  المسار: .
  الوقت:  1970-01-01T00:00:00Z
  البصمة: 5a08540ae2f432c5...
----------------------------------------------------------------------

  📊 إجمالي SLOC: 514,768  |  الملفات: 1,372

  🎯 النسب الرئيسية:
     العربية / الكل:          0.23%
     العربية / (عربية+بايثون): 2.06%
     بايثون / الكل:           10.99%
     JSON / الكل:             2.42%
     stdout/logs / الكل:      1.29%
     Web Frontend / الكل:     0.0%
     Assembly / الكل:        24.93%
     WASM / الكل:             0.01%
     غير العربية / الكل:     99.77%

  🛡️ عقد الامتناع (Abstain):
     العدد: 23
     لكل 1000 SLOC: 19.33

  📁 التفصيل حسب التصنيف:
     التصنيف                      ملفات       SLOC    %SLOC
     -------------------------------------------------------
     اللغة العربية الرياضية (المصدر)       43       1190    0.23%
     Python (النواة + الأدوات)      213      56586   10.99%
     JSON (بيانات وبصمات)           107      12436    2.42%
     stdout / سجلات / مخرجات نصية      249       6643    1.29%
     Assembly (x86/ARM/WASM)        295     128319   24.93%
     WebAssembly binary/text          1         55    0.01%
     Shell scripts                   36       8962    1.74%
     إعدادات (Buildozer, etc.)        3        533    0.10%
     توثيق Markdown/LaTeX           177      12654    2.46%
     ملفات ثنائية (صور/خطوط/أرشيف)        7     118208   22.96%
     أخرى / غير مصنفة               241     169182   32.87%

======================================================================

💾 حُفظ التقرير: evidence/MAL_BASELINE_RATIO_2026-08-25.json
💾 حُفظ التقرير Markdown: evidence/MAL_BASELINE_RATIO_2026-08-25.md

STATUS=0
