BATCH=7777
BASELINE_FREEZE=ACTIVE
SOURCE_EXECUTION=NOT_PERFORMED
AUTO_PROMOTION=DENY
--- INPUT HASHES ---
b7f9884e5091ea974649881e21253f788ba4e61713330b63908a8c66f6930212  extensions/mal_unified_ir_arena.ar
d8e0ac2575137c2900f4aa3a69cb60de7e9eaf60f9a4d1669c075ed738d0a684  extensions/mal_ast_ir_bridge.ar
f6d9128b06705756cbf4c013a8523f9dd539a1f6719d51a9628259d137cce8a3  extensions/mal_ir_codegen_gate.ar
8b9dbddb2e6cd4296c2ec47d9a0d8cf321fec9a811b02d650e547e2a59e4e9a6  protocol/MAL_UNIFIED_IR_ARENA_CONTRACT_v0.1_AR.md
7597e89c6b2179a6db420c9927e7c7b8abb12da85807d7f76d1ff0098fa20a83  protocol/MAL_CODEGEN_ABI_CONTRACT_v0.1_AR.md
--- RUNTIME DISCOVERY ---
--- GIT STATUS ---
 [31mM[m tests/MAL_UNIFIED_GOVERNED_CORPUS_AR.json
[31m??[m artifacts/
[31m??[m audit/
[31m??[m audit_measure_ratio.py
[31m??[m evidence/MAL_7777_FLOW_BASE.stdout
[31m??[m evidence/MAL_777_AST_IR_CODEGEN_VERIFY.stdout
[31m??[m evidence/MAL_777_BRIDGE_BASE.stdout
[31m??[m evidence/MAL_777_BRIDGE_VERIFY.stdout
[31m??[m evidence/MAL_777_IR_LEDGER_BASE.stdout
[31m??[m evidence/MAL_777_IR_LEDGER_VERIFY.stdout
[31m??[m evidence/MAL_777_PHASES_INVENTORY.stdout
[31m??[m evidence/MAL_777_RATIO_GUARD.stdout
[31m??[m evidence/MAL_777_RUNTIME_DISCOVERY.stdout
[31m??[m evidence/MAL_777_SIDECAR_BASE.stdout
[31m??[m evidence/MAL_777_SIDECAR_VERIFY_RUN1.stdout
[31m??[m evidence/MAL_777_SIDECAR_VERIFY_RUN2.stdout
[31m??[m evidence/MAL_ARENA_NODEID_CONTRACT_VERIFY.stdout
[31m??[m evidence/MAL_AST_CANONICAL_VERIFY.stdout
[31m??[m evidence/MAL_AST_IR_NORMALIZATION_VERIFY.stdout
[31m??[m evidence/MAL_AST_IR_SYMBOL_BINDING_VERIFY.stdout
[31m??[m evidence/MAL_AST_OWNERSHIP_COMPILE_VERIFY.stdout
[31m??[m evidence/MAL_AST_TO_IR_REPRO_A.stdout
[31m??[m evidence/MAL_AST_TO_IR_REPRO_B.stdout
[31m??[m evidence/MAL_AST_TO_IR_REPRO_FINAL.stdout
[31m??[m evidence/MAL_AST_TO_IR_VERIFY.stdout
[31m??[m evidence/MAL_CODEGEN_ABI_SYMBOLS_AUDIT.stdout
[31m??[m evidence/MAL_CODEGEN_ABI_VERIFY.stdout
[31m??[m evidence/MAL_EVAL_EXEC_AUDIT.stdout
[31m??[m evidence/MAL_IR_SYMBOL_TABLE_VERIFY.stdout
[31m??[m evidence/MAL_MEMORY_LIMITS_VERIFY.stdout
[31m??[m evidence/MAL_NEXT77_AST_IR_BASE.stdout
[31m??[m evidence/MAL_NEXT77_EVIDENCE_INDEX.stdout
[31m??[m evidence/MAL_NEXT77_IR_DESIGN_INPUT.stdout
[31m??[m evidence/MAL_NEXT77_MEMORY_REVIEW.stdout
[31m??[m evidence/MAL_NEXT77_REPRO_RUN1.json
[31m??[m evidence/MAL_NEXT77_REPRO_RUN2.json
[31m??[m evidence/MAL_NODEID_VERIFY.stdout
[31m??[m evidence/MAL_PARSER_BOUNDS_VERIFY.stdout
[31m??[m evidence/MAL_PARSER_CALL_GRAMMAR_VERIFY.stdout
[31m??[m evidence/MAL_PARSER_DIFF_GATE_29_35.stdout
[31m??[m evidence/MAL_PARSER_FOLLOWUP_CONTRACT_VERIFY.stdout
[31m??[m evidence/MAL_PARSER_GOVERNED_CORPUS_v0.2_VERIFY.stdout
[31m??[m evidence/MAL_PARSER_PRIMARY_DIFFERENTIAL.json
[31m??[m evidence/MAL_PARSER_PRIMARY_DIFFERENTIAL_FINAL.json
[31m??[m evidence/MAL_PARSER_PRIMARY_DIFFERENTIAL_RUN1.json
[31m??[m evidence/MAL_PARSER_PRIMARY_DIFFERENTIAL_RUN2.json
[31m??[m evidence/MAL_PARSER_PRIMARY_IMPLEMENTATION_STATUS_AR.md
[31m??[m evidence/MAL_PARSER_PRIMARY_REPEAT_A.json
[31m??[m evidence/MAL_PARSER_PRIMARY_REPEAT_B.json
[31m??[m evidence/MAL_PARSER_PRIMARY_VERIFICATION.stdout
[31m??[m evidence/MAL_PARSER_REAL_GRAMMAR_VERIFY.stdout
[31m??[m evidence/MAL_PARSER_STRING_GRAMMAR_VERIFY.stdout
[31m??[m evidence/MAL_PARSER_UNITS_9_13_VERIFY.stdout
[31m??[m evidence/MAL_RAW_POINTER_AUDIT.stdout
[31m??[m evidence/MAL_RUNTIME_DISCOVERY.stdout
[31m??[m evidence/MAL_SLOC_RATIO_RUN1.json
[31m??[m evidence/MAL_SLOC_RATIO_RUN2.json
[31m??[m evidence/MAL_TOKEN_CANONICAL_VERIFY.stdout
[31m??[m evidence/MAL_UNIFIED_ARENA_BASELINE.stdout
[31m??[m evidence/MAL_UNIFIED_IR_ARENA_VERIFY_RUN1.stdout
[31m??[m evidence/MAL_UNIFIED_IR_ARENA_VERIFY_RUN2.stdout
[31m??[m extensions/mal_ast_ir_bridge.ar
[31m??[m extensions/mal_ast_ir_symbol_binding.ar
[31m??[m extensions/mal_ast_to_ir.ar
[31m??[m extensions/mal_ir_codegen_gate.ar
[31m??[m extensions/mal_ir_instruction_ledger.ar
[31m??[m extensions/mal_ir_symbol_table.ar
[31m??[m extensions/mal_nodeid.ar
[31m??[m extensions/mal_parser_call.ar
[31m??[m extensions/mal_parser_parentheses.ar
[31m??[m extensions/mal_parser_primary.ar
[31m??[m extensions/mal_parser_real.ar
[31m??[m extensions/mal_parser_string.ar
[31m??[m extensions/mal_sidecar_generator.ar
[31m??[m extensions/mal_unified_ir_arena.ar
[31m??[m protocol/EVIDENCE_206_210_AR.md
[31m??[m protocol/MAL_ARENA_NODEID_CONTRACT_v0.1_AR.md
[31m??[m protocol/MAL_AST_CANONICAL_CONTRACT_v0.1_AR.md
[31m??[m protocol/MAL_AST_IR_BRIDGE_CONTRACT_v0.1_AR.md
[31m??[m protocol/MAL_AST_IR_NORMALIZATION_CONTRACT_v0.1_AR.md
[31m??[m protocol/MAL_AST_IR_SYMBOL_BINDING_CONTRACT_v0.1_AR.md
[31m??[m protocol/MAL_AST_OWNERSHIP_COMPILE_CONTRACT_v0.1_AR.md
[31m??[m protocol/MAL_ATTACHED_MECHANISMS_206_210_REGISTRY_AR.json
[31m??[m protocol/MAL_CODEGEN_ABI_CONTRACT_v0.1_AR.md
[31m??[m protocol/MAL_CODEGEN_SYMBOLS_CONTRACT_v0.1_AR.md
[31m??[m protocol/MAL_CORRECTED_CONSTITUTIONAL_REVIEW_206_210_AR.md
[31m??[m protocol/MAL_IR_INSTRUCTION_LEDGER_CONTRACT_v0.1_AR.md
[31m??[m protocol/MAL_MEMORY_LIMITS_AUDIT_CONTRACT_v0.1_AR.md
[31m??[m protocol/MAL_PARSER_BOUNDS_AND_ERRORS_CONTRACT_v0.1_AR.md
[31m??[m protocol/MAL_PARSER_FOLLOWUP_CONTRACT_v0.1_AR.md
[31m??[m protocol/MAL_PARSER_PRIMARY_CONTRACT_v0.1_AR.md
[31m??[m protocol/MAL_TOKEN_CANONICAL_CONTRACT_v0.1_AR.md
[31m??[m protocol/MAL_UNIFIED_IR_ARENA_CONTRACT_v0.1_AR.md
[31m??[m tests/MAL_AST_IR_BRIDGE_CORPUS_v0.1_AR.json
[31m??[m tests/MAL_AST_IR_SYMBOL_BINDING_CORPUS_v0.1_AR.json
[31m??[m tests/MAL_AST_TO_IR_CORPUS_v0.1_AR.json
[31m??[m tests/MAL_ATTACHED_MECHANISMS_206_210_CORPUS_AR.json
[31m??[m tests/MAL_IR_CODEGEN_GATE_CORPUS_v0.1_AR.json
[31m??[m tests/MAL_IR_INSTRUCTION_LEDGER_CORPUS_v0.1_AR.json
[31m??[m tests/MAL_IR_SYMBOL_TABLE_CORPUS_v0.1_AR.json
