--- executables ---
mal=NOT_FOUND
malc=NOT_FOUND
mal-runtime=NOT_FOUND
uori=NOT_FOUND
/usr/bin/nasm
NASM version 2.16.01
qemu-x86_64=NOT_FOUND
--- repository candidates ---
./archive/arabic_math_compiler_all_stages/stage22b/math_complete.py
./archive/arabic_math_compiler_all_stages/stage22b/phase22b.py
./archive/arabic_math_compiler_all_stages/stage22c/math_complete.py
./archive/arabic_math_compiler_all_stages/stage22c/phase22c.py
./archive/arabic_math_compiler_all_stages/stage22cd/math_complete.py
./archive/arabic_math_compiler_all_stages/stage22cd/patch_dual_mode.py
./archive/arabic_math_compiler_all_stages/stage22cd/phase22cd.py
./archive/arabic_math_compiler_all_stages/stage22d/math_complete.py
./archive/arabic_math_compiler_all_stages/stage22d/phase22d.py
./archive/arabic_math_compiler_all_stages/stage22e/math_complete.py
./archive/arabic_math_compiler_all_stages/stage22e/phase22e.py
./archive/arabic_math_compiler_all_stages/stage22f/math_complete.py
./archive/arabic_math_compiler_all_stages/stage22f/phase22f.py
./archive/arabic_math_compiler_all_stages/stage23/fix_final.py
./archive/arabic_math_compiler_all_stages/stage23/fix_insert.py
./archive/arabic_math_compiler_all_stages/stage23/math_complete.py
./archive/arabic_math_compiler_all_stages/stage23/patch_files.py
./archive/arabic_math_compiler_all_stages/stage23/phase23.py
./archive/arabic_math_compiler_all_stages/stage24/math_complete.py
./archive/arabic_math_compiler_all_stages/stage24/phase24.py
./archive/arabic_math_compiler_all_stages/stage25/math_complete.py
./archive/arabic_math_compiler_all_stages/stage25/phase25.py
./archive/arabic_math_compiler_all_stages/stage26/fix_patch.py
./archive/arabic_math_compiler_all_stages/stage26/math_complete.py
./archive/arabic_math_compiler_all_stages/stage26/phase26.py
./archive/arabic_math_compiler_all_stages/stage27/math_complete.py
./archive/arabic_math_compiler_all_stages/stage27/phase27.py
./archive/arabic_math_compiler_all_stages/stage28/math_complete.py
./archive/arabic_math_compiler_all_stages/stage28/phase28.py
./archive/arabic_math_compiler_all_stages/stage29/math_complete.py
./archive/arabic_math_compiler_all_stages/stage29/phase29.py
./archive/arabic_math_compiler_all_stages/stage30/math_complete.py
./archive/arabic_math_compiler_all_stages/stage30/phase30.py
./archive/arabic_math_compiler_all_stages/stage31/math_complete.py
./archive/arabic_math_compiler_all_stages/stage31/phase31.py
./archive/arabic_math_compiler_all_stages/stage32/math_complete.py
./archive/arabic_math_compiler_all_stages/stage32/phase32.py
./archive/arabic_math_compiler_all_stages/stage33/math_complete.py
./archive/arabic_math_compiler_all_stages/stage33/phase33.py
./archive/arabic_math_compiler_all_stages/stage34/math_complete.py
./archive/arabic_math_compiler_all_stages/stage34/phase34.py
./archive/arabic_math_compiler_all_stages/stage35/math_complete.py
./archive/arabic_math_compiler_all_stages/stage35/phase35.py
./archive/arabic_math_compiler_all_stages/stage36/math_complete.py
./archive/arabic_math_compiler_all_stages/stage36/phase36.py
./archive/arabic_math_compiler_all_stages/stage37/math_complete.py
./archive/arabic_math_compiler_all_stages/stage37/phase37.py
./archive/arabic_math_compiler_all_stages/stage38/math_complete.py
./archive/arabic_math_compiler_all_stages/stage38/phase38.py
./extensions/mal_ast_to_ir.ar
./extensions/mal_dir.py
./extensions/mal_dir_validator.ar
./extensions/mal_dir_validator.py
./extensions/mal_grammar_gate_comparator.py
./extensions/mal_ir_symbol_table.ar
./extensions/mal_nodeid.ar
./extensions/mal_ownership_arena.py
./extensions/mal_parser_call.ar
./extensions/mal_parser_parentheses.ar
./extensions/mal_parser_primary.ar
./extensions/mal_parser_real.ar
./extensions/mal_parser_string.ar
./extensions/mal_policy_gate_comparator.py
./extensions/uori_validated_math.py
./frontend/uori_frontend.py
./rust/mal_ownership_arena/target/debug/deps/mal_ownership_arena-47cad0aadc5d841e
./scripts/build_unified_mal_corpus.py
./scripts/check_mal_workflow_yaml.py
./scripts/compare_mal_cross_env_manifests.py
./scripts/mal_arabic_coverage_audit.py
./scripts/mal_automated_continuation.py
./scripts/mal_dir_validator_differential.py
./scripts/mal_dual_execution.py
./scripts/monitor_mal_unified_corpus.py
./scripts/render_mal_coverage_summary.py
./scripts/render_mal_pr_report.py
./scripts/run_mal_cross_env_manifest.py
./scripts/run_mal_deterministic_ci.sh
./scripts/run_mal_ownership_arena_rust.sh
./scripts/uori_compile_time_sidecar.py
./scripts/uori_language_ratio_deterministic.py
./tests/analyze_mal_dir_nodes.py
./tests/c40_q32_verification/uori_ci_gate.sh
./tests/compare_mal_parser_primary.py
./tests/run_mal_deny_policy_ci.py
./tests/run_mal_dir_corpus.py
./tests/run_mal_dir_validator.py
./tests/run_mal_gate_comparator.py
./tests/run_mal_grammar_corpus.py
./tests/run_mal_ownership_arena.py
./tests/run_mal_policy_gate_comparator.py
./tests/test_compile_time_sidecar.py
./tests/test_mal_arabic_coverage_audit.py
./tests/test_mal_dual_execution.py
./tests/test_mal_extensions_v0_2.py
./tests/test_mal_lineage_projection.py
./tests/test_mal_unified_corpus.py
./tests/test_mal_unified_corpus_monitor.py
./tests/test_uori_language_ratio_deterministic.py
--- status ---
MAL_AR_RUNTIME=UNAVAILABLE
SOURCE_EXECUTION=NOT_PERFORMED
DISCOVERY=PASS_WITH_ABSTAIN
