RATIO_REPORT_SHA256=5ec78eb59a9b717ba4fc50b45fa1dbb9e878ac18f1cabb3cdb4e9f033feb0da7
CORPUS_SHA256=bdc12c8740d4348c4d04af09b08825c48c7ba6e90e6735a2c2156e69f370188c
ABI_SYMBOLS_AUDIT_SHA256=1a77ad363c0a7fb0a5a8f915c57f7708c0a1012ba0be98bfd57895b17263c9f3
MEMORY_REVIEW_SHA256=bbb4e8c2eba775bfe9fe3ef8c821e019b354ac1c3b02d0e19f85a83c286488cb
REPRO_RUN_SHA256=a2e57e72c4fab0edeaf3d2c5207333fde51923f9a369590d59ea1ddf8dcdffc0
1:# تقرير نسبة هجرة MAL — 2026-08-25
9:| أسطر MAL (`.ar`) | 601 |
10:| أسطر Python (`.py`) | 56,673 |
11:| مجموع MAL + Python | 57,274 |
12:| **MAL / (MAL + Python)** | **1.04934176%** |
14:| **MAL / إجمالي المستودع** | **0.26531054%** |
21:المؤشر المباشر لمسار الإزاحة من Python إلى MAL هو `MAL / (MAL + Python)`. تبلغ النسبة الحالية **1.04934176%**، أي نحو **1.05%** عند التقريب إلى منزلتين عشريتين. وبالمقارنة مع القيمة السابقة المسجلة **0.98%**، تبلغ الزيادة الحسابية **0.06934176 نقطة مئوية**.
23:أما المؤشر الشامل `MAL / إجمالي المستودع` فيبلغ **0.26531054%**، أي نحو **0.27%**. وهو لا يقيس استقلال النواة وحده، لأنه يضم Assembly وJSON وملفات أخرى ضمن المقام. لذلك لا يجوز استخدامه بديلًا عن مؤشر MAL/Python عند قياس هجرة Parser.
27:يشمل القياس ملفات شجرة العمل الموجودة وقت التشغيل وفق الامتدادات والقواعد المعرفة في الأداة. لا يثبت عدد الأسطر وحده تشغيل MAL أو تحقق التكافؤ الدلالي. كما أن وجود ملفات غير ملتزم بها في شجرة العمل يؤثر في المؤشر الشامل، بينما يظل مؤشر MAL/Python مرتبطًا بعدد أسطر هذين النوعين فقط.
31:## علاقة النسبة بالمرحلة الحالية
33:ارتفعت نسبة MAL/Python حسابيًا إلى **1.04934176%**، لكن هذا لا يعني إغلاق فجوة مشغل Parser. فما تزال وحدة `حلل_أولي` في حالة `RESEARCH / ABSTAIN_UNTIL_EVIDENCE`، وما يزال التنفيذ الفعلي للمصدر العربي غير مثبت، مع `AUTO_PROMOTION=DENY`. لذلك تمثل النسبة **حجم الشيفرة المكتوبة**، لا نسبة الوحدات التي ثبت تشغيلها أو تكافؤها.
37:MAL_SLOC=601
38:PYTHON_SLOC=56673
39:MAL_VS_PYTHON=1.04934176%
40:MAL_VS_ALL=0.26531054%
53:| أسطر MAL | 634 |
54:| أسطر Python | 56,673 |
55:| MAL / (MAL + Python) | **1.10632209%** |
56:| MAL / إجمالي المستودع | **0.27979682%** |
60:| التنفيذ الفعلي لمصدر MAL | `NOT_PERFORMED` |
63:تمثل الزيادة من `1.04934176%` إلى `1.10632209%` أثرًا كتابيًا مباشرًا قدره `0.05698033` نقطة مئوية. ولا تمثل هذه الزيادة إثباتًا لتشغيل الوحدة، إذ ما تزال فجوة المشغل قائمة.
67:أضيفت الوحدة `extensions/mal_parser_string.ar` مع corpus عربي من أربع حالات: حالة صالحة، وفهرس سالب، ورمز مجهول، وسعة غير متاحة. اجتاز ملف corpus فحص JSON، كما بقي فحص corpus العام عند `MAL_GRAMMAR_CORPUS=PASS` و`CASES=12` و`PARSER_PASS=6` و`PARSER_ERROR=6`، مع `SOURCE_REF_EXECUTED=NO`.
73:| أسطر MAL | 654 |
74:| أسطر Python | 56,673 |
75:| MAL / (MAL + Python) | **1.14082370%** |
76:| MAL / إجمالي المستودع | **0.28853663%** |
82:ارتفع المؤشر المباشر من `1.10632209%` إلى `1.14082370%`، بزيادة `0.03450161` نقطة مئوية. الزيادة كتابية/نطاقية فقط، ولا ترفع الوحدة إلى `PROVEN` ما دام تشغيل مصدر MAL غير متاح.
88:أضيف corpus من خمس حالات، واجتاز فحص JSON. كما بقي الفحص البنيوي العام ناجحًا عند `MAL_GRAMMAR_CORPUS=PASS` و`CASES=12` و`PARSER_PASS=6` و`PARSER_ERROR=6`، مع `SOURCE_REF_EXECUTED=NO`.
92:| أسطر MAL | 683 |
93:| أسطر Python | 56,673 |
94:| MAL / (MAL + Python) | **1.19080829%** |
95:| MAL / إجمالي المستودع | **0.30122076%** |
101:ارتفع المؤشر المباشر من `1.14082370%` إلى `1.19080829%`، بزيادة `0.04998459` نقطة مئوية. هذه زيادة في الشيفرة العربية المضافة وليست إثباتًا لتشغيل MAL؛ ولذلك تبقى الوحدة `ABSTAIN_UNTIL_EVIDENCE`، ويبقى `AUTO_PROMOTION=DENY`.
107:بقي فحص corpus العام ناجحًا: `MAL_GRAMMAR_CORPUS=PASS` و`CASES=12` و`PARSER_PASS=6` و`PARSER_ERROR=6` و`SOURCE_REF_EXECUTED=NO`.
111:| أسطر MAL | 719 |
112:| أسطر Python | 56,673 |
113:| MAL / (MAL + Python) | **1.25278784%** |
114:| MAL / إجمالي المستودع | **0.31701800%** |
121:ارتفع المؤشر المباشر من `1.19080829%` إلى `1.25278784%`، بزيادة `0.06197955` نقطة مئوية. التصنيف الدستوري للوحدة `RESEARCH`، لأن المشغل التنفيذي وAST الناتج لم يُثبتا بعد.
133:| تشغيل مصدر MAL | `SOURCE_REF_EXECUTED=NO` |
BASELINE_MODIFIED=NO
AUTO_PROMOTION=DENY
SOURCE_EXECUTION=NOT_PERFORMED
