corpus/stage7_15_files/01_jam_zero.ar: OK
corpus/stage7_15_files/02_jam_small.ar: OK
corpus/stage7_15_files/03_jam_boundary.ar: OK
corpus/stage7_15_files/04_hasr_zero.ar: OK
corpus/stage7_15_files/05_hasr_boundary.ar: OK
corpus/stage7_15_files/06_mablagh_small.ar: OK
corpus/stage7_15_files/07_mablagh_max.ar: OK
corpus/stage7_15_files/08_composed_arithmetic.ar: OK
corpus/stage7_15_files/09_composed_sequence.ar: OK
corpus/stage7_15_files/10_nested_parentheses.ar: OK
corpus/stage7_15_files/11_jam_overflow.ar: OK
corpus/stage7_15_files/12_hasr_overflow.ar: OK
corpus/stage7_15_files/13_forbidden_eval.ar: OK
corpus/stage7_15_files/14_unknown_keyword.ar: OK
corpus/stage7_15_files/15_unclosed_call.ar: OK
rust/mal_ownership_arena/src/ast.rs: OK
rust/mal_ownership_arena/src/lexer.rs: OK
rust/mal_ownership_arena/src/parser.rs: OK
rust/mal_ownership_arena/src/evaluator.rs: OK
rust/mal_ownership_arena/src/bin/mal_runner.rs: OK
scripts/mal_reference_model.py: OK
scripts/mal_differential_runner.py: OK
