======================================================================
  تقرير نسب اللغة — UORI Language Ratio Report
======================================================================
  المسار: .
  الوقت:  1970-01-01T00:00:00Z
  البصمة: 0d30afd5c041bb7f...
----------------------------------------------------------------------

  📊 إجمالي SLOC: 1,861,284  |  الملفات: 2,019

  🎯 النسب الرئيسية:
     العربية / الكل:          0.08%
     العربية / (عربية+بايثون): 2.58%
     بايثون / الكل:           3.06%
     JSON / الكل:             1.83%
     stdout/logs / الكل:      0.54%
     Web Frontend / الكل:     0.0%
     Assembly / الكل:        6.89%
     WASM / الكل:             0.0%
     غير العربية / الكل:     99.92%

  🛡️ عقد الامتناع (Abstain):
     العدد: 23
     لكل 1000 SLOC: 15.21

  📁 التفصيل حسب التصنيف:
     التصنيف                      ملفات       SLOC    %SLOC
     -------------------------------------------------------
     اللغة العربية الرياضية (المصدر)      222       1512    0.08%
     Python (النواة + الأدوات)      216      57022    3.06%
     JSON (بيانات وبصمات)           148      34063    1.83%
     stdout / سجلات / مخرجات نصية      319       9986    0.54%
     Assembly (x86/ARM/WASM)        295     128319    6.89%
     WebAssembly binary/text          6         65    0.00%
     Shell scripts                   36       8962    0.48%
     إعدادات (Buildozer, etc.)        3        534    0.03%
     توثيق Markdown/LaTeX           199      13887    0.75%
     ملفات ثنائية (صور/خطوط/أرشيف)        7     118208    6.35%
     أخرى / غير مصنفة               568    1488726   79.98%

======================================================================

💾 حُفظ التقرير: evidence/STAGE7_CORRECTIVE_LANGUAGE_RATIO.json
