======================================================================
  تقرير نسب اللغة — UORI Language Ratio Report
======================================================================
  المسار: .
  الوقت:  1970-01-01T00:00:00Z
  البصمة: 7329da68ecb87846...
----------------------------------------------------------------------

  📊 إجمالي SLOC: 1,860,833  |  الملفات: 1,946

  🎯 النسب الرئيسية:
     العربية / الكل:          0.08%
     العربية / (عربية+بايثون): 2.48%
     بايثون / الكل:           3.06%
     JSON / الكل:             1.83%
     stdout/logs / الكل:      0.53%
     Web Frontend / الكل:     0.0%
     Assembly / الكل:        6.9%
     WASM / الكل:             0.0%
     غير العربية / الكل:     99.92%

  🛡️ عقد الامتناع (Abstain):
     العدد: 23
     لكل 1000 SLOC: 15.88

  📁 التفصيل حسب التصنيف:
     التصنيف                      ملفات       SLOC    %SLOC
     -------------------------------------------------------
     اللغة العربية الرياضية (المصدر)      158       1448    0.08%
     Python (النواة + الأدوات)      216      57021    3.06%
     JSON (بيانات وبصمات)           148      34063    1.83%
     stdout / سجلات / مخرجات نصية      314       9827    0.53%
     Assembly (x86/ARM/WASM)        295     128319    6.90%
     WebAssembly binary/text          6         65    0.00%
     Shell scripts                   36       8962    0.48%
     إعدادات (Buildozer, etc.)        3        534    0.03%
     توثيق Markdown/LaTeX           198      13811    0.74%
     ملفات ثنائية (صور/خطوط/أرشيف)        7     118208    6.35%
     أخرى / غير مصنفة               565    1488575   80.00%

======================================================================
