evidence/ADOPTION_CHAIN_VERIFY.stdout: OK
evidence/CORPUS_KNOWLEDGE_VERIFY.stdout: OK
evidence/GADT_RANK_CHECKER.stdout: OK
evidence/GADT_RANK_RESEARCH.stdout: OK
evidence/MAL_7777_DATA_FLOW_BASE.stdout: OK
evidence/MAL_7777_DATA_FLOW_VERIFY_RUN1.stdout: OK
evidence/MAL_7777_DATA_FLOW_VERIFY_RUN2.stdout: OK
evidence/MAL_7777_FLOW_BASE.stdout: OK
evidence/MAL_7777_FLOW_VERIFY_RUN1.stdout: OK
evidence/MAL_7777_FLOW_VERIFY_RUN2.stdout: OK
evidence/MAL_7777_MEASUREMENT_SIDECAR_BASE.stdout: OK
evidence/MAL_777_AST_IR_CODEGEN_VERIFY.stdout: OK
evidence/MAL_777_BRIDGE_BASE.stdout: OK
evidence/MAL_777_BRIDGE_VERIFY.stdout: OK
evidence/MAL_777_IR_LEDGER_BASE.stdout: OK
evidence/MAL_777_IR_LEDGER_VERIFY.stdout: OK
evidence/MAL_777_PHASES_INVENTORY.stdout: OK
evidence/MAL_777_RATIO_GUARD.stdout: OK
evidence/MAL_777_RUNTIME_DISCOVERY.stdout: OK
evidence/MAL_777_SIDECAR_BASE.stdout: OK
evidence/MAL_777_SIDECAR_VERIFY_RUN1.stdout: OK
evidence/MAL_777_SIDECAR_VERIFY_RUN2.stdout: OK
evidence/MAL_ARENA_NODEID_CONTRACT_VERIFY.stdout: OK
evidence/MAL_AST_CANONICAL_VERIFY.stdout: OK
evidence/MAL_AST_IR_NORMALIZATION_VERIFY.stdout: OK
evidence/MAL_AST_IR_SYMBOL_BINDING_VERIFY.stdout: OK
evidence/MAL_AST_OWNERSHIP_COMPILE_VERIFY.stdout: OK
evidence/MAL_AST_TO_IR_REPRO_A.stdout: OK
evidence/MAL_AST_TO_IR_REPRO_B.stdout: OK
evidence/MAL_AST_TO_IR_REPRO_FINAL.stdout: OK
evidence/MAL_AST_TO_IR_VERIFY.stdout: OK
evidence/MAL_ATTACHED_MECHANISMS_31_39.stdout: OK
evidence/MAL_ATTACHED_MECHANISMS_40_45.stdout: OK
evidence/MAL_ATTACHED_MECHANISMS_46_50.stdout: OK
evidence/MAL_ATTACHED_MECHANISMS_81_85_REVIEW_AR.stdout: OK
evidence/MAL_ATTACHED_MECHANISMS_94_100_REVIEW_AR.stdout: OK
evidence/MAL_BASELINE_RATIO_2026-08-25.json: OK
evidence/MAL_BASELINE_RATIO_2026-08-25.stdout: OK
evidence/MAL_CI_RUN.stdout: OK
evidence/MAL_CODEGEN_ABI_SYMBOLS_AUDIT.stdout: OK
evidence/MAL_CODEGEN_ABI_VERIFY.stdout: OK
evidence/MAL_DENY_POLICY_CI.stdout: OK
evidence/MAL_DIFFERENTIAL_EXECUTION_2026-08-25.json: OK
evidence/MAL_DIFFERENTIAL_EXECUTION_2026-08-25.stdout: OK
evidence/MAL_DIFFERENTIAL_FULL_RUN1.stdout: OK
evidence/MAL_DIFFERENTIAL_FULL_RUN2.stdout: OK
evidence/MAL_DIFFERENTIAL_FULL_RUN3.stdout: OK
evidence/MAL_DIFFERENTIAL_RUN1.stdout: OK
evidence/MAL_DIFFERENTIAL_RUN2.stdout: OK
evidence/MAL_DIFFERENTIAL_RUN3.stdout: OK
evidence/MAL_DIFFERENTIAL_STAGE2_RUN1.stdout: OK
evidence/MAL_DIFFERENTIAL_STAGE2_RUN2.stdout: OK
evidence/MAL_DIFFERENTIAL_STAGE2_RUN3.stdout: OK
evidence/MAL_DIFFERENTIAL_STAGE3_RUN1.stdout: OK
evidence/MAL_DIFFERENTIAL_STAGE3_RUN2.stdout: OK
evidence/MAL_DIFFERENTIAL_STAGE3_RUN3.stdout: OK
evidence/MAL_DIFFERENTIAL_STAGE5_FINAL.json: OK
evidence/MAL_DIFFERENTIAL_STAGE5_FINAL.stdout: OK
evidence/MAL_DIFFERENTIAL_STAGE5_FINAL_RUN2.stdout: OK
evidence/MAL_DIFFERENTIAL_STAGE5_FINAL_RUN3.stdout: OK
evidence/MAL_DIFFERENTIAL_STAGE5_INITIAL.stdout: OK
evidence/MAL_DIFFERENTIAL_STAGE5_RUN1.json: OK
evidence/MAL_DIFFERENTIAL_STAGE5_RUN1.stdout: OK
evidence/MAL_DIFFERENTIAL_STAGE5_RUN2.json: OK
evidence/MAL_DIFFERENTIAL_STAGE5_RUN2.stdout: OK
evidence/MAL_DIFFERENTIAL_STAGE5_RUN3.json: OK
evidence/MAL_DIFFERENTIAL_STAGE5_RUN3.stdout: OK
evidence/MAL_DIR_CORPUS.stdout: OK
evidence/MAL_DIR_CORPUS_RUN1.json: OK
evidence/MAL_DIR_CORPUS_RUN1.stdout: OK
evidence/MAL_DIR_CORPUS_RUN2.json: OK
evidence/MAL_DIR_CORPUS_RUN2.stdout: OK
evidence/MAL_DIR_GRAMMAR_PHASE_VERIFY.stdout: OK
evidence/MAL_DIR_NODE_ANALYSIS.stdout: OK
evidence/MAL_DIR_VALIDATOR.stdout: OK
evidence/MAL_DIR_VALIDATOR_DIFFERENTIAL.json: OK
evidence/MAL_DIR_VALIDATOR_DIFFERENTIAL_V02.json: OK
evidence/MAL_DIR_VALIDATOR_RUN1.stdout: OK
evidence/MAL_DIR_VALIDATOR_RUN2.stdout: OK
evidence/MAL_DUAL_EXECUTION.stdout: OK
evidence/MAL_EVAL_EXEC_AUDIT.stdout: OK
evidence/MAL_EXTENSIONS_V0_2.stdout: OK
evidence/MAL_GRAMMAR_CORPUS_PARSER.stdout: OK
evidence/MAL_GRAMMAR_GATE_COMPARATOR.stdout: OK
evidence/MAL_GRAMMAR_GATE_COMPARATOR_RUN1.json: OK
evidence/MAL_GRAMMAR_GATE_COMPARATOR_RUN1.stdout: OK
evidence/MAL_GRAMMAR_GATE_COMPARATOR_RUN2.json: OK
evidence/MAL_GRAMMAR_GATE_COMPARATOR_RUN2.stdout: OK
evidence/MAL_GRAMMAR_GATE_COMPARATOR_RUN3.json: OK
evidence/MAL_GRAMMAR_GATE_COMPARATOR_RUN3.stdout: OK
evidence/MAL_IR_SYMBOL_TABLE_VERIFY.stdout: OK
evidence/MAL_LANGUAGE_LINEAGE_REGISTRY.stdout: OK
evidence/MAL_LINEAGE_PROJECTION.stdout: OK
evidence/MAL_MEASUREMENT_EVIDENCE_SIDECAR_VERIFY.stdout: OK
evidence/MAL_MEMORY_LIMITS_VERIFY.stdout: OK
evidence/MAL_MIGRATION_MEASUREMENT_GATE_VERIFY.stdout: OK
evidence/MAL_NEXT77_AST_IR_BASE.stdout: OK
evidence/MAL_NEXT77_EVIDENCE_INDEX.stdout: OK
evidence/MAL_NEXT77_IR_DESIGN_INPUT.stdout: OK
evidence/MAL_NEXT77_MEMORY_REVIEW.stdout: OK
evidence/MAL_NEXT77_REPRO_RUN1.json: OK
evidence/MAL_NEXT77_REPRO_RUN2.json: OK
evidence/MAL_NODEID_VERIFY.stdout: OK
evidence/MAL_OWNERSHIP_ARENA.stdout: OK
evidence/MAL_OWNERSHIP_ARENA_RUN1.stdout: OK
evidence/MAL_OWNERSHIP_ARENA_RUN2.stdout: OK
evidence/MAL_OWNERSHIP_ARENA_RUST.stdout: OK
evidence/MAL_OWNERSHIP_ARENA_VERIFY.stdout: OK
evidence/MAL_PARSER_BOUNDS_VERIFY.stdout: OK
evidence/MAL_PARSER_CALL_GRAMMAR_VERIFY.stdout: OK
evidence/MAL_PARSER_DIFF_GATE_29_35.stdout: OK
evidence/MAL_PARSER_FOLLOWUP_CONTRACT_VERIFY.stdout: OK
evidence/MAL_PARSER_GOVERNED_CORPUS_v0.2_VERIFY.stdout: OK
evidence/MAL_PARSER_PRIMARY_DIFFERENTIAL.json: OK
evidence/MAL_PARSER_PRIMARY_DIFFERENTIAL_FINAL.json: OK
evidence/MAL_PARSER_PRIMARY_DIFFERENTIAL_RUN1.json: OK
evidence/MAL_PARSER_PRIMARY_DIFFERENTIAL_RUN2.json: OK
evidence/MAL_PARSER_PRIMARY_REPEAT_A.json: OK
evidence/MAL_PARSER_PRIMARY_REPEAT_B.json: OK
evidence/MAL_PARSER_PRIMARY_VERIFICATION.stdout: OK
evidence/MAL_PARSER_REAL_GRAMMAR_VERIFY.stdout: OK
evidence/MAL_PARSER_STRING_GRAMMAR_VERIFY.stdout: OK
evidence/MAL_PARSER_UNITS_9_13_VERIFY.stdout: OK
evidence/MAL_POLICY_GATE_COMPARATOR.stdout: OK
evidence/MAL_POLICY_GATE_COMPARATOR_RUN1.json: OK
evidence/MAL_POLICY_GATE_COMPARATOR_RUN1.stdout: OK
evidence/MAL_POLICY_GATE_COMPARATOR_RUN2.json: OK
evidence/MAL_POLICY_GATE_COMPARATOR_RUN2.stdout: OK
evidence/MAL_POLICY_GATE_COMPARATOR_RUN3.json: OK
evidence/MAL_POLICY_GATE_COMPARATOR_RUN3.stdout: OK
evidence/MAL_PR_REPORT_RENDER.stdout: OK
evidence/MAL_RAW_POINTER_AUDIT.stdout: OK
evidence/MAL_RUNTIME_CAPABILITY_2026-08-25.stdout: OK
evidence/MAL_RUNTIME_DISCOVERY.stdout: OK
evidence/MAL_RUNTIME_PATH_INVENTORY_2026-08-25.stdout: OK
evidence/MAL_RUNTIME_STAGE0_CARGO_TEST_2026-08-25.stdout: OK
evidence/MAL_RUNTIME_STAGE0_CARGO_TEST_FIXED.stdout: OK
evidence/MAL_RUNTIME_STAGE1_LEXER_PARSER_TEST.stdout: OK
evidence/MAL_RUNTIME_STAGE1_LEXER_TEST.stdout: OK
evidence/MAL_RUST_ARENA_CARGO_TEST_2026-08-25.stdout: OK
evidence/MAL_SLOC_RATIO_RUN1.json: OK
evidence/MAL_SLOC_RATIO_RUN2.json: OK
evidence/MAL_STAGE2_UNIT_TESTS.stdout: OK
evidence/MAL_STAGE5_CARGO_TEST.stdout: OK
evidence/MAL_STAGE5_FINAL_CARGO_TEST.stdout: OK
evidence/MAL_TOKEN_CANONICAL_VERIFY.stdout: OK
evidence/MAL_UNIFIED_ARENA_BASELINE.stdout: OK
evidence/MAL_UNIFIED_GOVERNED_CORPUS_SHA256.stdout: OK
evidence/MAL_UNIFIED_IR_ARENA_VERIFY_RUN1.stdout: OK
evidence/MAL_UNIFIED_IR_ARENA_VERIFY_RUN2.stdout: OK
evidence/REPRODUCIBILITY.stdout: OK
evidence/REPRO_BUILD_POLICY.stdout: OK
evidence/RESEARCH_DETERMINISM_RUN1.stdout: OK
evidence/RESEARCH_DETERMINISM_RUN2.stdout: OK
evidence/RESEARCH_DETERMINISM_RUN3.stdout: OK
evidence/STAGE6_BUILD_ARTIFACTS.sha256: OK
evidence/STAGE6_BUILD_REPORT_AR.md: OK
evidence/STAGE6_FINAL_REPORT_AR.md: OK
evidence/STAGE6_SAFE_ABI_ARTIFACTS.sha256: OK
evidence/STAGE6_SAFE_ABI_EVIDENCE.sha256: OK
evidence/STAGE6_SAFE_ABI_REPORT_AR.md: OK
evidence/STAGE7_PREPARATION_PLAN_AR.md: OK
evidence/UORI_LANGUAGE_RATIO_STAGE2.stdout: OK
evidence/UORI_LANGUAGE_RATIO_STAGE3.stdout: OK
evidence/UORI_LANGUAGE_RATIO_STAGE4.stdout: OK
evidence/UORI_LANGUAGE_RATIO_STAGE5.stdout: OK
evidence/UORI_LANGUAGE_RATIO_STAGE5_FINAL.stdout: OK
evidence/run1.stdout: OK
evidence/run2.stdout: OK
evidence/run3.stdout: OK
evidence/stage6_artifacts.file: OK
evidence/stage6_differential_run_1.stdout: OK
evidence/stage6_differential_run_2.stdout: OK
evidence/stage6_differential_run_3.stdout: OK
evidence/stage6_native_build.stdout: OK
evidence/stage6_native_rebuild.stdout: OK
evidence/stage6_native_smoke.stdout: OK
evidence/stage6_ratio_2026-08-26.json: OK
evidence/stage6_ratio_2026-08-26.md: OK
evidence/stage6_wasm_build.stdout: OK
evidence/stage6_wasm_build_final.stdout: OK
evidence/stage6_wasm_cdylib_build.stdout: OK
evidence/stage6_wasm_cdylib_final.stdout: OK
evidence/stage6_wasm_target_add.stdout: OK
FINAL_VERIFY_EXIT=0
