======================================================================
  تقرير نسب اللغة — UORI Language Ratio Report
======================================================================
  المسار: .
  الوقت:  1970-01-01T00:00:00Z
  البصمة: 6ab27253c803a1cb...
----------------------------------------------------------------------

  📊 إجمالي SLOC: 1,392,534  |  الملفات: 1,676

  🎯 النسب الرئيسية:
     العربية / الكل:          0.1%
     العربية / (عربية+بايثون): 2.45%
     بايثون / الكل:           4.09%
     JSON / الكل:             2.44%
     stdout/logs / الكل:      0.53%
     Web Frontend / الكل:     0.0%
     Assembly / الكل:        9.21%
     WASM / الكل:             0.0%
     غير العربية / الكل:     99.9%

  🛡️ عقد الامتناع (Abstain):
     العدد: 23
     لكل 1000 SLOC: 16.06

  📁 التفصيل حسب التصنيف:
     التصنيف                      ملفات       SLOC    %SLOC
     -------------------------------------------------------
     اللغة العربية الرياضية (المصدر)      143       1432    0.10%
     Python (النواة + الأدوات)      216      57003    4.09%
     JSON (بيانات وبصمات)           126      34041    2.44%
     stdout / سجلات / مخرجات نصية      290       7331    0.53%
     Assembly (x86/ARM/WASM)        295     128319    9.21%
     WebAssembly binary/text          1         55    0.00%
     Shell scripts                   36       8962    0.64%
     إعدادات (Buildozer, etc.)        3        533    0.04%
     توثيق Markdown/LaTeX           191      13398    0.96%
     ملفات ثنائية (صور/خطوط/أرشيف)        7     118208    8.49%
     أخرى / غير مصنفة               368    1023252   73.48%

======================================================================

💾 حُفظ التقرير: evidence/stage6_ratio_2026-08-26.json
💾 حُفظ التقرير Markdown: evidence/stage6_ratio_2026-08-26.md
