======================================================================
  تقرير نسب اللغة — UORI Language Ratio Report
======================================================================
  المسار: .
  الوقت:  1970-01-01T00:00:00Z
  البصمة: 262d21198f6d3b73...
----------------------------------------------------------------------

  📊 إجمالي SLOC: 1,325,509  |  الملفات: 1,548

  🎯 النسب الرئيسية:
     العربية / الكل:          0.09%
     العربية / (عربية+بايثون): 2.12%
     بايثون / الكل:           4.29%
     JSON / الكل:             1.67%
     stdout/logs / الكل:      0.51%
     Web Frontend / الكل:     0.0%
     Assembly / الكل:        9.68%
     WASM / الكل:             0.0%
     غير العربية / الكل:     99.91%

  🛡️ عقد الامتناع (Abstain):
     العدد: 23
     لكل 1000 SLOC: 18.71

  📁 التفصيل حسب التصنيف:
     التصنيف                      ملفات       SLOC    %SLOC
     -------------------------------------------------------
     اللغة العربية الرياضية (المصدر)       82       1229    0.09%
     Python (النواة + الأدوات)      216      56847    4.29%
     JSON (بيانات وبصمات)           120      22178    1.67%
     stdout / سجلات / مخرجات نصية      264       6778    0.51%
     Assembly (x86/ARM/WASM)        295     128319    9.68%
     WebAssembly binary/text          1         55    0.00%
     Shell scripts                   36       8962    0.68%
     إعدادات (Buildozer, etc.)        3        533    0.04%
     توثيق Markdown/LaTeX           184      13003    0.98%
     ملفات ثنائية (صور/خطوط/أرشيف)        7     118208    8.92%
     أخرى / غير مصنفة               340     969397   73.13%

======================================================================
