=== UORI ARABIC ABI ARTIFACTS ===
2026-08-22T21:47:34Z
test_arabic_abi_spec_validates (test_uori_kernel.UoriKernelTests.test_arabic_abi_spec_validates) ... ok
test_arabic_execution_plan_contract_loads (test_uori_kernel.UoriKernelTests.test_arabic_execution_plan_contract_loads) ... ok
test_arabic_execution_plan_rejects_direct_source_execution (test_uori_kernel.UoriKernelTests.test_arabic_execution_plan_rejects_direct_source_execution) ... ok
test_arabic_grammar_examples_validate (test_uori_kernel.UoriKernelTests.test_arabic_grammar_examples_validate) ... ok
test_arabic_grammar_rejects_dynamic_execution (test_uori_kernel.UoriKernelTests.test_arabic_grammar_rejects_dynamic_execution) ... ok
test_arabic_registry_rejects_unknown_field (test_uori_kernel.UoriKernelTests.test_arabic_registry_rejects_unknown_field) ... ok
test_arabic_registry_source_loads (test_uori_kernel.UoriKernelTests.test_arabic_registry_source_loads) ... ok
test_deterministic_add (test_uori_kernel.UoriKernelTests.test_deterministic_add) ... ok
test_deterministic_gcd (test_uori_kernel.UoriKernelTests.test_deterministic_gcd) ... ok
test_deterministic_sqrt (test_uori_kernel.UoriKernelTests.test_deterministic_sqrt) ... ok
test_deterministic_subtract (test_uori_kernel.UoriKernelTests.test_deterministic_subtract) ... ok
test_plan_tampering_is_rejected (test_uori_kernel.UoriKernelTests.test_plan_tampering_is_rejected) ... ok
test_requires_logical_boot (test_uori_kernel.UoriKernelTests.test_requires_logical_boot) ... ok
test_unknown_request_abstains_without_execution (test_uori_kernel.UoriKernelTests.test_unknown_request_abstains_without_execution) ... ok

----------------------------------------------------------------------
Ran 14 tests in 0.006s

OK
ARTIFACTS=PASS
--- SHA256 ---
df19afab773c3bfef9a2c37d3a116ed4252c2869f45592d82b00f6f561d735bb  prototypes/uori_kernel_v0_1/python/generate_abi_artifacts.py
4a148c0dd9cb4b31630983166a4133661d466a1f09635428dc80b50d1c2db6c8  prototypes/uori_kernel_v0_1/generated/uori_abi.json
5e16253456c7e1b0fe677a38d4d76c0df8ffa10558fe10e644aa58794cdf0d20  prototypes/uori_kernel_v0_1/generated/uori_abi.sh
