======================================================================
  تقرير نسب اللغة — UORI Language Ratio Report
======================================================================
  المسار: .
  الوقت:  1970-01-01T00:00:00Z
  البصمة: 132538b387e96a41...
----------------------------------------------------------------------

  📊 إجمالي SLOC: 1,401,200  |  الملفات: 1,647

  🎯 النسب الرئيسية:
     العربية / الكل:          0.1%
     العربية / (عربية+بايثون): 2.34%
     بايثون / الكل:           4.07%
     JSON / الكل:             1.58%
     stdout/logs / الكل:      0.5%
     Web Frontend / الكل:     0.0%
     Assembly / الكل:        9.16%
     WASM / الكل:             0.0%
     غير العربية / الكل:     99.9%

  🛡️ عقد الامتناع (Abstain):
     العدد: 23
     لكل 1000 SLOC: 16.83

  📁 التفصيل حسب التصنيف:
     التصنيف                      ملفات       SLOC    %SLOC
     -------------------------------------------------------
     اللغة العربية الرياضية (المصدر)      128       1367    0.10%
     Python (النواة + الأدوات)      216      56971    4.07%
     JSON (بيانات وبصمات)           125      22183    1.58%
     stdout / سجلات / مخرجات نصية      283       7043    0.50%
     Assembly (x86/ARM/WASM)        295     128319    9.16%
     WebAssembly binary/text          1         55    0.00%
     Shell scripts                   36       8962    0.64%
     إعدادات (Buildozer, etc.)        3        533    0.04%
     توثيق Markdown/LaTeX           190      13363    0.95%
     ملفات ثنائية (صور/خطوط/أرشيف)        7     118208    8.44%
     أخرى / غير مصنفة               363    1044196   74.52%

======================================================================
