======================================================================
  تقرير نسب اللغة — UORI Language Ratio Report
======================================================================
  المسار: .
  الوقت:  1970-01-01T00:00:00Z
  البصمة: 9d3de338dbd800e3...
----------------------------------------------------------------------

  📊 إجمالي SLOC: 1,417,120  |  الملفات: 1,637

  🎯 النسب الرئيسية:
     العربية / الكل:          0.1%
     العربية / (عربية+بايثون): 2.34%
     بايثون / الكل:           4.02%
     JSON / الكل:             1.57%
     stdout/logs / الكل:      0.49%
     Web Frontend / الكل:     0.0%
     Assembly / الكل:        9.05%
     WASM / الكل:             0.0%
     غير العربية / الكل:     99.9%

  🛡️ عقد الامتناع (Abstain):
     العدد: 23
     لكل 1000 SLOC: 16.83

  📁 التفصيل حسب التصنيف:
     التصنيف                      ملفات       SLOC    %SLOC
     -------------------------------------------------------
     اللغة العربية الرياضية (المصدر)      128       1367    0.10%
     Python (النواة + الأدوات)      216      56971    4.02%
     JSON (بيانات وبصمات)           124      22182    1.57%
     stdout / سجلات / مخرجات نصية      278       6949    0.49%
     Assembly (x86/ARM/WASM)        295     128319    9.05%
     WebAssembly binary/text          1         55    0.00%
     Shell scripts                   36       8962    0.63%
     إعدادات (Buildozer, etc.)        3        533    0.04%
     توثيق Markdown/LaTeX           189      13309    0.94%
     ملفات ثنائية (صور/خطوط/أرشيف)        7     118208    8.34%
     أخرى / غير مصنفة               360    1060265   74.82%

======================================================================
