======================================================================
  تقرير نسب اللغة — UORI Language Ratio Report
======================================================================
  المسار: .
  الوقت:  1970-01-01T00:00:00Z
  البصمة: ea9c4ccbc1a0a4d6...
----------------------------------------------------------------------

  📊 إجمالي SLOC: 1,378,497  |  الملفات: 1,609

  🎯 النسب الرئيسية:
     العربية / الكل:          0.1%
     العربية / (عربية+بايثون): 2.26%
     بايثون / الكل:           4.13%
     JSON / الكل:             1.61%
     stdout/logs / الكل:      0.5%
     Web Frontend / الكل:     0.0%
     Assembly / الكل:        9.31%
     WASM / الكل:             0.0%
     غير العربية / الكل:     99.9%

  🛡️ عقد الامتناع (Abstain):
     العدد: 23
     لكل 1000 SLOC: 17.5

  📁 التفصيل حسب التصنيف:
     التصنيف                      ملفات       SLOC    %SLOC
     -------------------------------------------------------
     اللغة العربية الرياضية (المصدر)      113       1314    0.10%
     Python (النواة + الأدوات)      216      56945    4.13%
     JSON (بيانات وبصمات)           121      22179    1.61%
     stdout / سجلات / مخرجات نصية      272       6856    0.50%
     Assembly (x86/ARM/WASM)        295     128319    9.31%
     WebAssembly binary/text          1         55    0.00%
     Shell scripts                   36       8962    0.65%
     إعدادات (Buildozer, etc.)        3        533    0.04%
     توثيق Markdown/LaTeX           187      13147    0.95%
     ملفات ثنائية (صور/خطوط/أرشيف)        7     118208    8.58%
     أخرى / غير مصنفة               358    1021979   74.14%

======================================================================
