corpus/stage0_18_files/01_valid_stage0.ar: OK
corpus/stage0_18_files/02_valid_stage0.ar: OK
corpus/stage0_18_files/03_valid_stage0.ar: OK
corpus/stage0_18_files/04_valid_stage0.ar: OK
corpus/stage0_18_files/05_valid_stage0.ar: OK
corpus/stage0_18_files/06_valid_stage0.ar: OK
corpus/stage0_18_files/07_valid_stage0.ar: OK
corpus/stage0_18_files/08_valid_stage0.ar: OK
corpus/stage0_18_files/09_valid_stage0.ar: OK
corpus/stage0_18_files/10_valid_stage0.ar: OK
corpus/stage0_18_files/11_valid_stage0.ar: OK
corpus/stage0_18_files/12_valid_stage0.ar: OK
corpus/stage0_18_files/13_valid_stage0.ar: OK
corpus/stage0_18_files/14_valid_stage0.ar: OK
corpus/stage0_18_files/15_valid_stage0.ar: OK
corpus/stage0_18_files/16_valid_stage0.ar: OK
corpus/stage0_18_files/17_valid_stage0.ar: OK
corpus/stage0_18_files/18_valid_stage0.ar: OK
corpus/stage1_9_files/01_valid_node.ar: OK
corpus/stage1_9_files/02_invalid_eval.ar: OK
corpus/stage1_9_files/03_unsupported_syntax.ar: OK
corpus/stage1_9_files/04_valid_zero.ar: OK
corpus/stage1_9_files/05_valid_large.ar: OK
corpus/stage1_9_files/06_valid_unicode_name.ar: OK
corpus/stage1_9_files/07_valid_one.ar: OK
corpus/stage1_9_files/08_valid_repeatable.ar: OK
corpus/stage1_9_files/09_invalid_missing_value.ar: OK
corpus/stage2_12_files/01_add_precedence.ar: OK
corpus/stage2_12_files/02_subtract.ar: OK
corpus/stage2_12_files/03_multiply.ar: OK
corpus/stage2_12_files/04_divide.ar: OK
corpus/stage2_12_files/05_mixed_precedence.ar: OK
corpus/stage2_12_files/06_nested_precedence.ar: OK
corpus/stage2_12_files/07_parenthesized_add.ar: OK
corpus/stage2_12_files/08_nested_parentheses.ar: OK
corpus/stage2_12_files/09_parenthesized_precedence.ar: OK
corpus/stage2_12_files/10_division_by_zero.ar: OK
corpus/stage2_12_files/11_unclosed_parenthesis.ar: OK
corpus/stage2_12_files/12_expression_overflow.ar: OK
corpus/stage3_15_files/01_multi_assign_basic.ar: OK
corpus/stage3_15_files/02_multi_assign_chained.ar: OK
corpus/stage3_15_files/03_multi_assign_parens.ar: OK
corpus/stage3_15_files/04_multi_assign_precedence.ar: OK
corpus/stage3_15_files/05_multi_assign_subtract.ar: OK
corpus/stage3_15_files/06_multi_assign_nested.ar: OK
corpus/stage3_15_files/07_multi_assign_chain_long.ar: OK
corpus/stage3_15_files/08_multi_assign_complex.ar: OK
corpus/stage3_15_files/09_div_zero_eval.ar: OK
corpus/stage3_15_files/10_overflow_u64_eval.ar: OK
corpus/stage3_15_files/11_capacity_symbol_overflow.ar: OK
corpus/stage3_15_files/12_syntax_broken_chain.ar: OK
corpus/stage3_15_files/13_undefined_variable.ar: OK
corpus/stage3_15_files/14_forbidden_eval_chain.ar: OK
corpus/stage3_15_files/15_forbidden_exec_chain.ar: OK
corpus/stage4_16_files/01_if_true_equal.ar: OK
corpus/stage4_16_files/02_if_false_equal.ar: OK
corpus/stage4_16_files/03_if_greater.ar: OK
corpus/stage4_16_files/04_if_less.ar: OK
corpus/stage4_16_files/05_if_not_equal.ar: OK
corpus/stage4_16_files/06_if_with_expression.ar: OK
corpus/stage4_16_files/07_if_nested_expression.ar: OK
corpus/stage4_16_files/08_if_multiline_sequence.ar: OK
corpus/stage4_16_files/09_scope_shadowing.ar: OK
corpus/stage4_16_files/10_scope_unknown_after_exit.ar: OK
corpus/stage4_16_files/11_scope_depth_overflow.ar: OK
corpus/stage4_16_files/12_unclosed_if.ar: OK
corpus/stage4_16_files/13_invalid_condition_divzero.ar: OK
corpus/stage4_16_files/14_forbidden_eval_in_if.ar: OK
corpus/stage4_16_files/15_forbidden_exec_in_if.ar: OK
corpus/stage4_16_files/16_forbidden_unsafe_in_if.ar: OK
corpus/stage5_15_files/01_loop_false.ar: OK
corpus/stage5_15_files/02_loop_false_less.ar: OK
corpus/stage5_15_files/03_func_basic.ar: OK
corpus/stage5_15_files/04_func_constant.ar: OK
corpus/stage5_15_files/05_func_expression.ar: OK
corpus/stage5_15_files/06_func_zero.ar: OK
corpus/stage5_15_files/07_func_shadow_scope.ar: OK
corpus/stage5_15_files/08_func_chained.ar: OK
corpus/stage5_15_files/09_fuel_exhausted.ar: OK
corpus/stage5_15_files/10_fuel_expression.ar: OK
corpus/stage5_15_files/11_recursive_call.ar: OK
corpus/stage5_15_files/12_unclosed_loop.ar: OK
corpus/stage5_15_files/13_forbidden_loop_eval.ar: OK
corpus/stage5_15_files/14_forbidden_func_exec.ar: OK
corpus/stage5_15_files/15_forbidden_func_unsafe.ar: OK
