======================================================================
  تقرير نسب اللغة — UORI Language Ratio Report
======================================================================
  المسار: .
  الوقت:  1970-01-01T00:00:00Z
  البصمة: 16c0629454ae65da...
----------------------------------------------------------------------

  📊 إجمالي SLOC: 1,426,002  |  الملفات: 1,582

  🎯 النسب الرئيسية:
     العربية / الكل:          0.09%
     العربية / (عربية+بايثون): 2.17%
     بايثون / الكل:           3.99%
     JSON / الكل:             1.56%
     stdout/logs / الكل:      0.48%
     Web Frontend / الكل:     0.0%
     Assembly / الكل:        9.0%
     WASM / الكل:             0.0%
     غير العربية / الكل:     99.91%

  🛡️ عقد الامتناع (Abstain):
     العدد: 23
     لكل 1000 SLOC: 18.23

  📁 التفصيل حسب التصنيف:
     التصنيف                      ملفات       SLOC    %SLOC
     -------------------------------------------------------
     اللغة العربية الرياضية (المصدر)       97       1262    0.09%
     Python (النواة + الأدوات)      216      56898    3.99%
     JSON (بيانات وبصمات)           121      22179    1.56%
     stdout / سجلات / مخرجات نصية      268       6817    0.48%
     Assembly (x86/ARM/WASM)        295     128319    9.00%
     WebAssembly binary/text          1         55    0.00%
     Shell scripts                   36       8962    0.63%
     إعدادات (Buildozer, etc.)        3        533    0.04%
     توثيق Markdown/LaTeX           184      13003    0.91%
     ملفات ثنائية (صور/خطوط/أرشيف)        7     118208    8.29%
     أخرى / غير مصنفة               354    1069766   75.02%

======================================================================
