=== UORI ARABIC PYTHON BACKEND ===
2026-08-22T21:46:10Z
TEST=python3 -m unittest discover -s prototypes/uori_kernel_v0_1/tests -p test_*.py -v
test_arabic_execution_plan_contract_loads (test_uori_kernel.UoriKernelTests.test_arabic_execution_plan_contract_loads) ... ok
test_arabic_execution_plan_rejects_direct_source_execution (test_uori_kernel.UoriKernelTests.test_arabic_execution_plan_rejects_direct_source_execution) ... ok
test_arabic_grammar_examples_validate (test_uori_kernel.UoriKernelTests.test_arabic_grammar_examples_validate) ... ok
test_arabic_grammar_rejects_dynamic_execution (test_uori_kernel.UoriKernelTests.test_arabic_grammar_rejects_dynamic_execution) ... ok
test_arabic_registry_rejects_unknown_field (test_uori_kernel.UoriKernelTests.test_arabic_registry_rejects_unknown_field) ... ok
test_arabic_registry_source_loads (test_uori_kernel.UoriKernelTests.test_arabic_registry_source_loads) ... ok
test_deterministic_add (test_uori_kernel.UoriKernelTests.test_deterministic_add) ... ok
test_deterministic_gcd (test_uori_kernel.UoriKernelTests.test_deterministic_gcd) ... ok
test_deterministic_sqrt (test_uori_kernel.UoriKernelTests.test_deterministic_sqrt) ... ok
test_deterministic_subtract (test_uori_kernel.UoriKernelTests.test_deterministic_subtract) ... ok
test_plan_tampering_is_rejected (test_uori_kernel.UoriKernelTests.test_plan_tampering_is_rejected) ... ok
test_requires_logical_boot (test_uori_kernel.UoriKernelTests.test_requires_logical_boot) ... ok
test_unknown_request_abstains_without_execution (test_uori_kernel.UoriKernelTests.test_unknown_request_abstains_without_execution) ... ok

----------------------------------------------------------------------
Ran 13 tests in 0.006s

OK
PY_COMPILE=PASS
--- SHA256 ---
a409a394e181054c45566afd6b9b1fa42910aac7a89afe123b4c3633a18f85ed  prototypes/uori_kernel_v0_1/python/arabic_backend.py
5bda94df96a5f25351ca288e9cdc1d281c99b09e3097fb75cb88e1834a61ebb4  prototypes/uori_kernel_v0_1/python/uori_kernel.py
