# سجل تنفيذ وحدة Rust لمحول AST إلى WAT

التاريخ: 2026-08-22

## النتيجة

- إنشاء `vnext/rust/uori_wasm_transpiler/Cargo.toml`: PASS.
- إنشاء `src/lib.rs` و`src/main.rs`: PASS.
- رفض أسماء الدوال غير الآمنة: مضمّن في المصدر.
- رفض `NaN` و`Infinity`: مضمّن في المصدر.
- رفض المتغيرات غير المربوطة والمفاهيم غير المسجلة والقسمة الثابتة على الصفر: مضمّن في المصدر.
- عدم تنفيذ `source_ref` وعدم إدراجه في WAT: تحقق ساكنياً.
- عدم وجود `eval` أو `exec` أو `subprocess` أو `std::process::Command`: PASS في الفحص الساكن.
- `git diff --check`: PASS.
- اختبارات Python المتاحة بعد الإضافة: 3/3 PASS.
- `cargo`: ABSENT.
- `rustc`: ABSENT.
- بناء Rust واختبارات Rust: ABSTAIN، لغياب المترجم، وليس بسبب فشل في المصدر.
- تشغيل WAT أو WASM: ABSTAIN؛ لم تُشغّل الوحدة ولم تُستخدم أداة خارجية.

## البصمات

تُسجل بصمات ملفات الوحدة في `UORI_DOCS_CHAIN.sha256` بعد تثبيت المحتوى النهائي.

## حدود الادعاء

هذه المرحلة تثبت وجود تنفيذ Rust مرجعي وفحوص ساكنة واختبارات Python، ولا تثبت بناء Rust أو تشغيل WASM/عتاد حقيقي حتى تتوفر `rustc` و`cargo` وRuntime WASM مقبول.
