CROSS_ENV_AUDIT=PASS
LABEL=ubuntu-22.04
COMPARABLE_SHA256=0cd2dac84446a33e1a91c556c9a22127e7b3afeac9cbbdb380bea816a0ffb893
EXECUTION=NOT_PERFORMED
NETWORK=DISABLED_BY_CONTRACT
HIP_OPTIMIZATION_DESIGN_AR.md: OK
evidence/MAL_GRAMMAR_GATE_COMPARATOR_RUN1.stdout: OK
evidence/MAL_GRAMMAR_GATE_COMPARATOR_RUN2.stdout: OK
evidence/MAL_GRAMMAR_GATE_COMPARATOR_RUN3.stdout: OK
evidence/MAL_GRAMMAR_GATE_COMPARATOR_RUN1.json: OK
evidence/MAL_GRAMMAR_GATE_COMPARATOR_RUN2.json: OK
evidence/MAL_GRAMMAR_GATE_COMPARATOR_RUN3.json: OK
evidence/MAL_POLICY_GATE_COMPARATOR_RUN1.stdout: OK
evidence/MAL_POLICY_GATE_COMPARATOR_RUN2.stdout: OK
evidence/MAL_POLICY_GATE_COMPARATOR_RUN3.stdout: OK
evidence/MAL_POLICY_GATE_COMPARATOR_RUN1.json: OK
evidence/MAL_POLICY_GATE_COMPARATOR_RUN2.json: OK
evidence/MAL_POLICY_GATE_COMPARATOR_RUN3.json: OK
MAL_DETERMINISTIC_CI=PASS
GRAMMAR_CORPUS=PASS
GATE_COMPARATOR=PASS
POLICY_HASH_AND_DENY=PASS
DENY_POLICY_FIELDS=8
MAL_DIR_VALIDATOR=PASS
MAL_DIR_TOTAL_NODES=58
EXECUTION=NOT_PERFORMED
SOURCE_EXECUTED=NO
NETWORK=DISABLED_BY_CONTRACT
