======================================================================
  تقرير نسب اللغة — UORI Language Ratio Report
======================================================================
  المسار: .
  الوقت:  1970-01-01T00:00:00Z
  البصمة: 5e809c86bc6e1e9b...
----------------------------------------------------------------------

  📊 إجمالي SLOC: 492,636  |  الملفات: 1,155

  🎯 النسب الرئيسية:
     العربية / الكل:          0.12%
     العربية / (عربية+بايثون): 1.0%
     بايثون / الكل:           11.41%
     JSON / الكل:             0.45%
     stdout/logs / الكل:      0.93%
     Web Frontend / الكل:     0.0%
     Assembly / الكل:        26.2%
     WASM / الكل:             0.01%
     غير العربية / الكل:     99.88%

  🛡️ عقد الامتناع (Abstain):
     العدد: 2
     لكل 1000 SLOC: 3.51

  📁 التفصيل حسب التصنيف:
     التصنيف                      ملفات       SLOC    %SLOC
     -------------------------------------------------------
     اللغة العربية الرياضية (المصدر)       26        569    0.12%
     Python (النواة + الأدوات)      211      56222   11.41%
     JSON (بيانات وبصمات)            51       2220    0.45%
     stdout / سجلات / مخرجات نصية      190       4605    0.93%
     Assembly (x86/ARM/WASM)        296     129049   26.20%
     WebAssembly binary/text          1         55    0.01%
     Shell scripts                   36       8962    1.82%
     إعدادات (Buildozer, etc.)        3        528    0.11%
     توثيق Markdown/LaTeX           122      10270    2.08%
     ملفات ثنائية (صور/خطوط/أرشيف)        5     117996   23.95%
     أخرى / غير مصنفة               214     162160   32.92%

======================================================================

💾 حُفظ التقرير: evidence/precommit-2026-08-25/language_ratio.json
💾 حُفظ التقرير Markdown: evidence/precommit-2026-08-25/language_ratio.md
